

================================================================================

{"keepPadStart":false,"keepPadIn":false,"keepPadEnd":false}

⠐⠐⠐⠐⠐⠐//⠐###[IF]test=1;rm=comment;⠐⠐⠐⠐⠐⠐

------------------------------------------------------------
⠐⠐⠐⠐⠐⠐/*⠐⠐⠐⠐⠐⠐test⠐⠐⠐⠐⠐⠐*/⠐⠐⠐⠐⠐⠐
~~~~~~~~~~~~~~~~~~~~~~~~~~~~~~~~~~~~~~~~~~~~~~~~~~~~~~~~~~~~


⠐⠐⠐⠐⠐⠐//⠐###[IF]test=1;rm=comment;⠐⠐⠐⠐⠐⠐



------------------------------------------------------------
⠐⠐⠐⠐⠐⠐/*
⠐⠐⠐⠐⠐⠐test⠐⠐⠐⠐⠐⠐
*/⠐⠐⠐⠐⠐⠐
~~~~~~~~~~~~~~~~~~~~~~~~~~~~~~~~~~~~~~~~~~~~~~~~~~~~~~~~~~~~


⠐⠐⠐⠐⠐⠐//⠐###[IF]test=1;rm=comment;⠐⠐⠐⠐⠐⠐





------------------------------------------------------------
⠐⠐⠐⠐⠐⠐/*⠐⠐⠐⠐⠐⠐
⠐⠐⠐⠐⠐⠐test⠐⠐⠐⠐⠐⠐
test⠐⠐⠐⠐⠐⠐
⠐⠐⠐⠐⠐⠐test
⠐⠐⠐⠐⠐⠐*/⠐⠐⠐⠐⠐⠐
~~~~~~~~~~~~~~~~~~~~~~~~~~~~~~~~~~~~~~~~~~~~~~~~~~~~~~~~~~~~


⠐⠐⠐⠐⠐⠐//⠐###[IF]test=1;rm=comment;⠐⠐⠐⠐⠐⠐


------------------------------------------------------------
⠐⠐⠐⠐⠐⠐/*⠐⠐⠐⠐⠐⠐test⠐⠐⠐⠐⠐⠐
⠐⠐⠐⠐⠐⠐*/⠐⠐⠐⠐⠐⠐
~~~~~~~~~~~~~~~~~~~~~~~~~~~~~~~~~~~~~~~~~~~~~~~~~~~~~~~~~~~~


⠐⠐⠐⠐⠐⠐//⠐###[IF]test=1;rm=comment;⠐⠐⠐⠐⠐⠐


------------------------------------------------------------
⠐⠐⠐⠐⠐⠐/*
⠐⠐⠐⠐⠐⠐test⠐⠐⠐⠐⠐⠐⠐⠐⠐⠐⠐⠐*/⠐⠐⠐⠐⠐⠐
~~~~~~~~~~~~~~~~~~~~~~~~~~~~~~~~~~~~~~~~~~~~~~~~~~~~~~~~~~~~


⠐⠐⠐⠐⠐⠐//⠐###[IF]test=1;rm=comment;⠐⠐⠐⠐⠐⠐
⠐⠐⠐⠐⠐⠐ii⠐⠐⠐⠐⠐⠐
------------------------------------------------------------
⠐⠐⠐⠐⠐⠐i⠐⠐⠐⠐⠐⠐/*⠐⠐⠐⠐⠐⠐test⠐⠐⠐⠐⠐⠐*/⠐⠐⠐⠐⠐⠐i⠐⠐⠐⠐⠐⠐
~~~~~~~~~~~~~~~~~~~~~~~~~~~~~~~~~~~~~~~~~~~~~~~~~~~~~~~~~~~~


⠐⠐⠐⠐⠐⠐//⠐###[IF]test=1;rm=comment;⠐⠐⠐⠐⠐⠐
⠐⠐⠐⠐⠐⠐i

i⠐⠐⠐⠐⠐⠐
------------------------------------------------------------
⠐⠐⠐⠐⠐⠐i⠐⠐⠐⠐⠐⠐/*
⠐⠐⠐⠐⠐⠐test⠐⠐⠐⠐⠐⠐
*/⠐⠐⠐⠐⠐⠐i⠐⠐⠐⠐⠐⠐
~~~~~~~~~~~~~~~~~~~~~~~~~~~~~~~~~~~~~~~~~~~~~~~~~~~~~~~~~~~~


⠐⠐⠐⠐⠐⠐//⠐###[IF]test=1;rm=comment;⠐⠐⠐⠐⠐⠐
⠐⠐⠐⠐⠐⠐i



i⠐⠐⠐⠐⠐⠐
------------------------------------------------------------
⠐⠐⠐⠐⠐⠐i⠐⠐⠐⠐⠐⠐/*⠐⠐⠐⠐⠐⠐
⠐⠐⠐⠐⠐⠐test⠐⠐⠐⠐⠐⠐
test⠐⠐⠐⠐⠐⠐
⠐⠐⠐⠐⠐⠐test
⠐⠐⠐⠐⠐⠐*/⠐⠐⠐⠐⠐⠐i⠐⠐⠐⠐⠐⠐
------------------------------------------------------------
~~~~~~~~~~~~~~~~~~~~~~~~~~~~~~~~~~~~~~~~~~~~~~~~~~~~~~~~~~~~


⠐⠐⠐⠐⠐⠐//⠐###[IF]test=1;rm=comment;⠐⠐⠐⠐⠐⠐
⠐⠐⠐⠐⠐⠐i
i⠐⠐⠐⠐⠐⠐
------------------------------------------------------------
⠐⠐⠐⠐⠐⠐i⠐⠐⠐⠐⠐⠐/*⠐⠐⠐⠐⠐⠐test⠐⠐⠐⠐⠐⠐
⠐⠐⠐⠐⠐⠐*/⠐⠐⠐⠐⠐⠐i⠐⠐⠐⠐⠐⠐
~~~~~~~~~~~~~~~~~~~~~~~~~~~~~~~~~~~~~~~~~~~~~~~~~~~~~~~~~~~~


⠐⠐⠐⠐⠐⠐//⠐###[IF]test=1;rm=comment;⠐⠐⠐⠐⠐⠐
⠐⠐⠐⠐⠐⠐i
i⠐⠐⠐⠐⠐⠐
------------------------------------------------------------
⠐⠐⠐⠐⠐⠐i⠐⠐⠐⠐⠐⠐/*
⠐⠐⠐⠐⠐⠐test⠐⠐⠐⠐⠐⠐⠐⠐⠐⠐⠐⠐*/⠐⠐⠐⠐⠐⠐i⠐⠐⠐⠐⠐⠐
~~~~~~~~~~~~~~~~~~~~~~~~~~~~~~~~~~~~~~~~~~~~~~~~~~~~~~~~~~~~




================================================================================
keepPadEnd
{"keepPadStart":false,"keepPadIn":false,"keepPadEnd":true}

⠐⠐⠐⠐⠐⠐//⠐###[IF]test=1;rm=comment;⠐⠐⠐⠐⠐⠐
⠐⠐⠐⠐⠐⠐
------------------------------------------------------------
⠐⠐⠐⠐⠐⠐/*⠐⠐⠐⠐⠐⠐test⠐⠐⠐⠐⠐⠐*/⠐⠐⠐⠐⠐⠐
~~~~~~~~~~~~~~~~~~~~~~~~~~~~~~~~~~~~~~~~~~~~~~~~~~~~~~~~~~~~


⠐⠐⠐⠐⠐⠐//⠐###[IF]test=1;rm=comment;⠐⠐⠐⠐⠐⠐


⠐⠐⠐⠐⠐⠐
------------------------------------------------------------
⠐⠐⠐⠐⠐⠐/*
⠐⠐⠐⠐⠐⠐test⠐⠐⠐⠐⠐⠐
*/⠐⠐⠐⠐⠐⠐
~~~~~~~~~~~~~~~~~~~~~~~~~~~~~~~~~~~~~~~~~~~~~~~~~~~~~~~~~~~~


⠐⠐⠐⠐⠐⠐//⠐###[IF]test=1;rm=comment;⠐⠐⠐⠐⠐⠐




⠐⠐⠐⠐⠐⠐
------------------------------------------------------------
⠐⠐⠐⠐⠐⠐/*⠐⠐⠐⠐⠐⠐
⠐⠐⠐⠐⠐⠐test⠐⠐⠐⠐⠐⠐
test⠐⠐⠐⠐⠐⠐
⠐⠐⠐⠐⠐⠐test
⠐⠐⠐⠐⠐⠐*/⠐⠐⠐⠐⠐⠐
~~~~~~~~~~~~~~~~~~~~~~~~~~~~~~~~~~~~~~~~~~~~~~~~~~~~~~~~~~~~


⠐⠐⠐⠐⠐⠐//⠐###[IF]test=1;rm=comment;⠐⠐⠐⠐⠐⠐

⠐⠐⠐⠐⠐⠐
------------------------------------------------------------
⠐⠐⠐⠐⠐⠐/*⠐⠐⠐⠐⠐⠐test⠐⠐⠐⠐⠐⠐
⠐⠐⠐⠐⠐⠐*/⠐⠐⠐⠐⠐⠐
~~~~~~~~~~~~~~~~~~~~~~~~~~~~~~~~~~~~~~~~~~~~~~~~~~~~~~~~~~~~


⠐⠐⠐⠐⠐⠐//⠐###[IF]test=1;rm=comment;⠐⠐⠐⠐⠐⠐

⠐⠐⠐⠐⠐⠐
------------------------------------------------------------
⠐⠐⠐⠐⠐⠐/*
⠐⠐⠐⠐⠐⠐test⠐⠐⠐⠐⠐⠐⠐⠐⠐⠐⠐⠐*/⠐⠐⠐⠐⠐⠐
~~~~~~~~~~~~~~~~~~~~~~~~~~~~~~~~~~~~~~~~~~~~~~~~~~~~~~~~~~~~


⠐⠐⠐⠐⠐⠐//⠐###[IF]test=1;rm=comment;⠐⠐⠐⠐⠐⠐
⠐⠐⠐⠐⠐⠐i⠐⠐⠐⠐⠐⠐i⠐⠐⠐⠐⠐⠐
------------------------------------------------------------
⠐⠐⠐⠐⠐⠐i⠐⠐⠐⠐⠐⠐/*⠐⠐⠐⠐⠐⠐test⠐⠐⠐⠐⠐⠐*/⠐⠐⠐⠐⠐⠐i⠐⠐⠐⠐⠐⠐
~~~~~~~~~~~~~~~~~~~~~~~~~~~~~~~~~~~~~~~~~~~~~~~~~~~~~~~~~~~~


⠐⠐⠐⠐⠐⠐//⠐###[IF]test=1;rm=comment;⠐⠐⠐⠐⠐⠐
⠐⠐⠐⠐⠐⠐i

⠐⠐⠐⠐⠐⠐i⠐⠐⠐⠐⠐⠐
------------------------------------------------------------
⠐⠐⠐⠐⠐⠐i⠐⠐⠐⠐⠐⠐/*
⠐⠐⠐⠐⠐⠐test⠐⠐⠐⠐⠐⠐
*/⠐⠐⠐⠐⠐⠐i⠐⠐⠐⠐⠐⠐
~~~~~~~~~~~~~~~~~~~~~~~~~~~~~~~~~~~~~~~~~~~~~~~~~~~~~~~~~~~~


⠐⠐⠐⠐⠐⠐//⠐###[IF]test=1;rm=comment;⠐⠐⠐⠐⠐⠐
⠐⠐⠐⠐⠐⠐i



⠐⠐⠐⠐⠐⠐i⠐⠐⠐⠐⠐⠐
------------------------------------------------------------
⠐⠐⠐⠐⠐⠐i⠐⠐⠐⠐⠐⠐/*⠐⠐⠐⠐⠐⠐
⠐⠐⠐⠐⠐⠐test⠐⠐⠐⠐⠐⠐
test⠐⠐⠐⠐⠐⠐
⠐⠐⠐⠐⠐⠐test
⠐⠐⠐⠐⠐⠐*/⠐⠐⠐⠐⠐⠐i⠐⠐⠐⠐⠐⠐
------------------------------------------------------------
~~~~~~~~~~~~~~~~~~~~~~~~~~~~~~~~~~~~~~~~~~~~~~~~~~~~~~~~~~~~


⠐⠐⠐⠐⠐⠐//⠐###[IF]test=1;rm=comment;⠐⠐⠐⠐⠐⠐
⠐⠐⠐⠐⠐⠐i
⠐⠐⠐⠐⠐⠐i⠐⠐⠐⠐⠐⠐
------------------------------------------------------------
⠐⠐⠐⠐⠐⠐i⠐⠐⠐⠐⠐⠐/*⠐⠐⠐⠐⠐⠐test⠐⠐⠐⠐⠐⠐
⠐⠐⠐⠐⠐⠐*/⠐⠐⠐⠐⠐⠐i⠐⠐⠐⠐⠐⠐
~~~~~~~~~~~~~~~~~~~~~~~~~~~~~~~~~~~~~~~~~~~~~~~~~~~~~~~~~~~~


⠐⠐⠐⠐⠐⠐//⠐###[IF]test=1;rm=comment;⠐⠐⠐⠐⠐⠐
⠐⠐⠐⠐⠐⠐i
⠐⠐⠐⠐⠐⠐i⠐⠐⠐⠐⠐⠐
------------------------------------------------------------
⠐⠐⠐⠐⠐⠐i⠐⠐⠐⠐⠐⠐/*
⠐⠐⠐⠐⠐⠐test⠐⠐⠐⠐⠐⠐⠐⠐⠐⠐⠐⠐*/⠐⠐⠐⠐⠐⠐i⠐⠐⠐⠐⠐⠐
~~~~~~~~~~~~~~~~~~~~~~~~~~~~~~~~~~~~~~~~~~~~~~~~~~~~~~~~~~~~




================================================================================
keepPadIn
{"keepPadStart":false,"keepPadIn":true,"keepPadEnd":false}

⠐⠐⠐⠐⠐⠐//⠐###[IF]test=1;rm=comment;⠐⠐⠐⠐⠐⠐
⠐⠐⠐⠐⠐⠐⠐⠐⠐⠐⠐⠐
------------------------------------------------------------
⠐⠐⠐⠐⠐⠐/*⠐⠐⠐⠐⠐⠐test⠐⠐⠐⠐⠐⠐*/⠐⠐⠐⠐⠐⠐
~~~~~~~~~~~~~~~~~~~~~~~~~~~~~~~~~~~~~~~~~~~~~~~~~~~~~~~~~~~~


⠐⠐⠐⠐⠐⠐//⠐###[IF]test=1;rm=comment;⠐⠐⠐⠐⠐⠐



------------------------------------------------------------
⠐⠐⠐⠐⠐⠐/*
⠐⠐⠐⠐⠐⠐test⠐⠐⠐⠐⠐⠐
*/⠐⠐⠐⠐⠐⠐
~~~~~~~~~~~~~~~~~~~~~~~~~~~~~~~~~~~~~~~~~~~~~~~~~~~~~~~~~~~~


⠐⠐⠐⠐⠐⠐//⠐###[IF]test=1;rm=comment;⠐⠐⠐⠐⠐⠐
⠐⠐⠐⠐⠐⠐



⠐⠐⠐⠐⠐⠐
------------------------------------------------------------
⠐⠐⠐⠐⠐⠐/*⠐⠐⠐⠐⠐⠐
⠐⠐⠐⠐⠐⠐test⠐⠐⠐⠐⠐⠐
test⠐⠐⠐⠐⠐⠐
⠐⠐⠐⠐⠐⠐test
⠐⠐⠐⠐⠐⠐*/⠐⠐⠐⠐⠐⠐
~~~~~~~~~~~~~~~~~~~~~~~~~~~~~~~~~~~~~~~~~~~~~~~~~~~~~~~~~~~~


⠐⠐⠐⠐⠐⠐//⠐###[IF]test=1;rm=comment;⠐⠐⠐⠐⠐⠐
⠐⠐⠐⠐⠐⠐
⠐⠐⠐⠐⠐⠐
------------------------------------------------------------
⠐⠐⠐⠐⠐⠐/*⠐⠐⠐⠐⠐⠐test⠐⠐⠐⠐⠐⠐
⠐⠐⠐⠐⠐⠐*/⠐⠐⠐⠐⠐⠐
~~~~~~~~~~~~~~~~~~~~~~~~~~~~~~~~~~~~~~~~~~~~~~~~~~~~~~~~~~~~


⠐⠐⠐⠐⠐⠐//⠐###[IF]test=1;rm=comment;⠐⠐⠐⠐⠐⠐

⠐⠐⠐⠐⠐⠐⠐⠐⠐⠐⠐⠐
------------------------------------------------------------
⠐⠐⠐⠐⠐⠐/*
⠐⠐⠐⠐⠐⠐test⠐⠐⠐⠐⠐⠐⠐⠐⠐⠐⠐⠐*/⠐⠐⠐⠐⠐⠐
~~~~~~~~~~~~~~~~~~~~~~~~~~~~~~~~~~~~~~~~~~~~~~~~~~~~~~~~~~~~


⠐⠐⠐⠐⠐⠐//⠐###[IF]test=1;rm=comment;⠐⠐⠐⠐⠐⠐
⠐⠐⠐⠐⠐⠐i⠐⠐⠐⠐⠐⠐⠐⠐⠐⠐⠐⠐i⠐⠐⠐⠐⠐⠐
------------------------------------------------------------
⠐⠐⠐⠐⠐⠐i⠐⠐⠐⠐⠐⠐/*⠐⠐⠐⠐⠐⠐test⠐⠐⠐⠐⠐⠐*/⠐⠐⠐⠐⠐⠐i⠐⠐⠐⠐⠐⠐
~~~~~~~~~~~~~~~~~~~~~~~~~~~~~~~~~~~~~~~~~~~~~~~~~~~~~~~~~~~~


⠐⠐⠐⠐⠐⠐//⠐###[IF]test=1;rm=comment;⠐⠐⠐⠐⠐⠐
⠐⠐⠐⠐⠐⠐i

i⠐⠐⠐⠐⠐⠐
------------------------------------------------------------
⠐⠐⠐⠐⠐⠐i⠐⠐⠐⠐⠐⠐/*
⠐⠐⠐⠐⠐⠐test⠐⠐⠐⠐⠐⠐
*/⠐⠐⠐⠐⠐⠐i⠐⠐⠐⠐⠐⠐
~~~~~~~~~~~~~~~~~~~~~~~~~~~~~~~~~~~~~~~~~~~~~~~~~~~~~~~~~~~~


⠐⠐⠐⠐⠐⠐//⠐###[IF]test=1;rm=comment;⠐⠐⠐⠐⠐⠐
⠐⠐⠐⠐⠐⠐i⠐⠐⠐⠐⠐⠐



⠐⠐⠐⠐⠐⠐i⠐⠐⠐⠐⠐⠐
------------------------------------------------------------
⠐⠐⠐⠐⠐⠐i⠐⠐⠐⠐⠐⠐/*⠐⠐⠐⠐⠐⠐
⠐⠐⠐⠐⠐⠐test⠐⠐⠐⠐⠐⠐
test⠐⠐⠐⠐⠐⠐
⠐⠐⠐⠐⠐⠐test
⠐⠐⠐⠐⠐⠐*/⠐⠐⠐⠐⠐⠐i⠐⠐⠐⠐⠐⠐
------------------------------------------------------------
~~~~~~~~~~~~~~~~~~~~~~~~~~~~~~~~~~~~~~~~~~~~~~~~~~~~~~~~~~~~


⠐⠐⠐⠐⠐⠐//⠐###[IF]test=1;rm=comment;⠐⠐⠐⠐⠐⠐
⠐⠐⠐⠐⠐⠐i⠐⠐⠐⠐⠐⠐
⠐⠐⠐⠐⠐⠐i⠐⠐⠐⠐⠐⠐
------------------------------------------------------------
⠐⠐⠐⠐⠐⠐i⠐⠐⠐⠐⠐⠐/*⠐⠐⠐⠐⠐⠐test⠐⠐⠐⠐⠐⠐
⠐⠐⠐⠐⠐⠐*/⠐⠐⠐⠐⠐⠐i⠐⠐⠐⠐⠐⠐
~~~~~~~~~~~~~~~~~~~~~~~~~~~~~~~~~~~~~~~~~~~~~~~~~~~~~~~~~~~~


⠐⠐⠐⠐⠐⠐//⠐###[IF]test=1;rm=comment;⠐⠐⠐⠐⠐⠐
⠐⠐⠐⠐⠐⠐i
⠐⠐⠐⠐⠐⠐⠐⠐⠐⠐⠐⠐i⠐⠐⠐⠐⠐⠐
------------------------------------------------------------
⠐⠐⠐⠐⠐⠐i⠐⠐⠐⠐⠐⠐/*
⠐⠐⠐⠐⠐⠐test⠐⠐⠐⠐⠐⠐⠐⠐⠐⠐⠐⠐*/⠐⠐⠐⠐⠐⠐i⠐⠐⠐⠐⠐⠐
~~~~~~~~~~~~~~~~~~~~~~~~~~~~~~~~~~~~~~~~~~~~~~~~~~~~~~~~~~~~




================================================================================
keepPadIn, keepPadEnd
{"keepPadStart":false,"keepPadIn":true,"keepPadEnd":true}

⠐⠐⠐⠐⠐⠐//⠐###[IF]test=1;rm=comment;⠐⠐⠐⠐⠐⠐
⠐⠐⠐⠐⠐⠐⠐⠐⠐⠐⠐⠐⠐⠐⠐⠐⠐⠐
------------------------------------------------------------
⠐⠐⠐⠐⠐⠐/*⠐⠐⠐⠐⠐⠐test⠐⠐⠐⠐⠐⠐*/⠐⠐⠐⠐⠐⠐
~~~~~~~~~~~~~~~~~~~~~~~~~~~~~~~~~~~~~~~~~~~~~~~~~~~~~~~~~~~~


⠐⠐⠐⠐⠐⠐//⠐###[IF]test=1;rm=comment;⠐⠐⠐⠐⠐⠐


⠐⠐⠐⠐⠐⠐
------------------------------------------------------------
⠐⠐⠐⠐⠐⠐/*
⠐⠐⠐⠐⠐⠐test⠐⠐⠐⠐⠐⠐
*/⠐⠐⠐⠐⠐⠐
~~~~~~~~~~~~~~~~~~~~~~~~~~~~~~~~~~~~~~~~~~~~~~~~~~~~~~~~~~~~


⠐⠐⠐⠐⠐⠐//⠐###[IF]test=1;rm=comment;⠐⠐⠐⠐⠐⠐
⠐⠐⠐⠐⠐⠐



⠐⠐⠐⠐⠐⠐⠐⠐⠐⠐⠐⠐
------------------------------------------------------------
⠐⠐⠐⠐⠐⠐/*⠐⠐⠐⠐⠐⠐
⠐⠐⠐⠐⠐⠐test⠐⠐⠐⠐⠐⠐
test⠐⠐⠐⠐⠐⠐
⠐⠐⠐⠐⠐⠐test
⠐⠐⠐⠐⠐⠐*/⠐⠐⠐⠐⠐⠐
~~~~~~~~~~~~~~~~~~~~~~~~~~~~~~~~~~~~~~~~~~~~~~~~~~~~~~~~~~~~


⠐⠐⠐⠐⠐⠐//⠐###[IF]test=1;rm=comment;⠐⠐⠐⠐⠐⠐
⠐⠐⠐⠐⠐⠐
⠐⠐⠐⠐⠐⠐⠐⠐⠐⠐⠐⠐
------------------------------------------------------------
⠐⠐⠐⠐⠐⠐/*⠐⠐⠐⠐⠐⠐test⠐⠐⠐⠐⠐⠐
⠐⠐⠐⠐⠐⠐*/⠐⠐⠐⠐⠐⠐
~~~~~~~~~~~~~~~~~~~~~~~~~~~~~~~~~~~~~~~~~~~~~~~~~~~~~~~~~~~~


⠐⠐⠐⠐⠐⠐//⠐###[IF]test=1;rm=comment;⠐⠐⠐⠐⠐⠐

⠐⠐⠐⠐⠐⠐⠐⠐⠐⠐⠐⠐⠐⠐⠐⠐⠐⠐
------------------------------------------------------------
⠐⠐⠐⠐⠐⠐/*
⠐⠐⠐⠐⠐⠐test⠐⠐⠐⠐⠐⠐⠐⠐⠐⠐⠐⠐*/⠐⠐⠐⠐⠐⠐
~~~~~~~~~~~~~~~~~~~~~~~~~~~~~~~~~~~~~~~~~~~~~~~~~~~~~~~~~~~~


⠐⠐⠐⠐⠐⠐//⠐###[IF]test=1;rm=comment;⠐⠐⠐⠐⠐⠐
⠐⠐⠐⠐⠐⠐i⠐⠐⠐⠐⠐⠐⠐⠐⠐⠐⠐⠐⠐⠐⠐⠐⠐⠐i⠐⠐⠐⠐⠐⠐
------------------------------------------------------------
⠐⠐⠐⠐⠐⠐i⠐⠐⠐⠐⠐⠐/*⠐⠐⠐⠐⠐⠐test⠐⠐⠐⠐⠐⠐*/⠐⠐⠐⠐⠐⠐i⠐⠐⠐⠐⠐⠐
~~~~~~~~~~~~~~~~~~~~~~~~~~~~~~~~~~~~~~~~~~~~~~~~~~~~~~~~~~~~


⠐⠐⠐⠐⠐⠐//⠐###[IF]test=1;rm=comment;⠐⠐⠐⠐⠐⠐
⠐⠐⠐⠐⠐⠐i

⠐⠐⠐⠐⠐⠐i⠐⠐⠐⠐⠐⠐
------------------------------------------------------------
⠐⠐⠐⠐⠐⠐i⠐⠐⠐⠐⠐⠐/*
⠐⠐⠐⠐⠐⠐test⠐⠐⠐⠐⠐⠐
*/⠐⠐⠐⠐⠐⠐i⠐⠐⠐⠐⠐⠐
~~~~~~~~~~~~~~~~~~~~~~~~~~~~~~~~~~~~~~~~~~~~~~~~~~~~~~~~~~~~


⠐⠐⠐⠐⠐⠐//⠐###[IF]test=1;rm=comment;⠐⠐⠐⠐⠐⠐
⠐⠐⠐⠐⠐⠐i⠐⠐⠐⠐⠐⠐



⠐⠐⠐⠐⠐⠐⠐⠐⠐⠐⠐⠐i⠐⠐⠐⠐⠐⠐
------------------------------------------------------------
⠐⠐⠐⠐⠐⠐i⠐⠐⠐⠐⠐⠐/*⠐⠐⠐⠐⠐⠐
⠐⠐⠐⠐⠐⠐test⠐⠐⠐⠐⠐⠐
test⠐⠐⠐⠐⠐⠐
⠐⠐⠐⠐⠐⠐test
⠐⠐⠐⠐⠐⠐*/⠐⠐⠐⠐⠐⠐i⠐⠐⠐⠐⠐⠐
------------------------------------------------------------
~~~~~~~~~~~~~~~~~~~~~~~~~~~~~~~~~~~~~~~~~~~~~~~~~~~~~~~~~~~~


⠐⠐⠐⠐⠐⠐//⠐###[IF]test=1;rm=comment;⠐⠐⠐⠐⠐⠐
⠐⠐⠐⠐⠐⠐i⠐⠐⠐⠐⠐⠐
⠐⠐⠐⠐⠐⠐⠐⠐⠐⠐⠐⠐i⠐⠐⠐⠐⠐⠐
------------------------------------------------------------
⠐⠐⠐⠐⠐⠐i⠐⠐⠐⠐⠐⠐/*⠐⠐⠐⠐⠐⠐test⠐⠐⠐⠐⠐⠐
⠐⠐⠐⠐⠐⠐*/⠐⠐⠐⠐⠐⠐i⠐⠐⠐⠐⠐⠐
~~~~~~~~~~~~~~~~~~~~~~~~~~~~~~~~~~~~~~~~~~~~~~~~~~~~~~~~~~~~


⠐⠐⠐⠐⠐⠐//⠐###[IF]test=1;rm=comment;⠐⠐⠐⠐⠐⠐
⠐⠐⠐⠐⠐⠐i
⠐⠐⠐⠐⠐⠐⠐⠐⠐⠐⠐⠐⠐⠐⠐⠐⠐⠐i⠐⠐⠐⠐⠐⠐
------------------------------------------------------------
⠐⠐⠐⠐⠐⠐i⠐⠐⠐⠐⠐⠐/*
⠐⠐⠐⠐⠐⠐test⠐⠐⠐⠐⠐⠐⠐⠐⠐⠐⠐⠐*/⠐⠐⠐⠐⠐⠐i⠐⠐⠐⠐⠐⠐
~~~~~~~~~~~~~~~~~~~~~~~~~~~~~~~~~~~~~~~~~~~~~~~~~~~~~~~~~~~~




================================================================================
keepPadStart
{"keepPadStart":true,"keepPadIn":false,"keepPadEnd":false}

⠐⠐⠐⠐⠐⠐//⠐###[IF]test=1;rm=comment;⠐⠐⠐⠐⠐⠐
⠐⠐⠐⠐⠐⠐
------------------------------------------------------------
⠐⠐⠐⠐⠐⠐/*⠐⠐⠐⠐⠐⠐test⠐⠐⠐⠐⠐⠐*/⠐⠐⠐⠐⠐⠐
~~~~~~~~~~~~~~~~~~~~~~~~~~~~~~~~~~~~~~~~~~~~~~~~~~~~~~~~~~~~


⠐⠐⠐⠐⠐⠐//⠐###[IF]test=1;rm=comment;⠐⠐⠐⠐⠐⠐
⠐⠐⠐⠐⠐⠐


------------------------------------------------------------
⠐⠐⠐⠐⠐⠐/*
⠐⠐⠐⠐⠐⠐test⠐⠐⠐⠐⠐⠐
*/⠐⠐⠐⠐⠐⠐
~~~~~~~~~~~~~~~~~~~~~~~~~~~~~~~~~~~~~~~~~~~~~~~~~~~~~~~~~~~~


⠐⠐⠐⠐⠐⠐//⠐###[IF]test=1;rm=comment;⠐⠐⠐⠐⠐⠐
⠐⠐⠐⠐⠐⠐




------------------------------------------------------------
⠐⠐⠐⠐⠐⠐/*⠐⠐⠐⠐⠐⠐
⠐⠐⠐⠐⠐⠐test⠐⠐⠐⠐⠐⠐
test⠐⠐⠐⠐⠐⠐
⠐⠐⠐⠐⠐⠐test
⠐⠐⠐⠐⠐⠐*/⠐⠐⠐⠐⠐⠐
~~~~~~~~~~~~~~~~~~~~~~~~~~~~~~~~~~~~~~~~~~~~~~~~~~~~~~~~~~~~


⠐⠐⠐⠐⠐⠐//⠐###[IF]test=1;rm=comment;⠐⠐⠐⠐⠐⠐
⠐⠐⠐⠐⠐⠐

------------------------------------------------------------
⠐⠐⠐⠐⠐⠐/*⠐⠐⠐⠐⠐⠐test⠐⠐⠐⠐⠐⠐
⠐⠐⠐⠐⠐⠐*/⠐⠐⠐⠐⠐⠐
~~~~~~~~~~~~~~~~~~~~~~~~~~~~~~~~~~~~~~~~~~~~~~~~~~~~~~~~~~~~


⠐⠐⠐⠐⠐⠐//⠐###[IF]test=1;rm=comment;⠐⠐⠐⠐⠐⠐
⠐⠐⠐⠐⠐⠐

------------------------------------------------------------
⠐⠐⠐⠐⠐⠐/*
⠐⠐⠐⠐⠐⠐test⠐⠐⠐⠐⠐⠐⠐⠐⠐⠐⠐⠐*/⠐⠐⠐⠐⠐⠐
~~~~~~~~~~~~~~~~~~~~~~~~~~~~~~~~~~~~~~~~~~~~~~~~~~~~~~~~~~~~


⠐⠐⠐⠐⠐⠐//⠐###[IF]test=1;rm=comment;⠐⠐⠐⠐⠐⠐
⠐⠐⠐⠐⠐⠐i⠐⠐⠐⠐⠐⠐i⠐⠐⠐⠐⠐⠐
------------------------------------------------------------
⠐⠐⠐⠐⠐⠐i⠐⠐⠐⠐⠐⠐/*⠐⠐⠐⠐⠐⠐test⠐⠐⠐⠐⠐⠐*/⠐⠐⠐⠐⠐⠐i⠐⠐⠐⠐⠐⠐
~~~~~~~~~~~~~~~~~~~~~~~~~~~~~~~~~~~~~~~~~~~~~~~~~~~~~~~~~~~~


⠐⠐⠐⠐⠐⠐//⠐###[IF]test=1;rm=comment;⠐⠐⠐⠐⠐⠐
⠐⠐⠐⠐⠐⠐i⠐⠐⠐⠐⠐⠐

i⠐⠐⠐⠐⠐⠐
------------------------------------------------------------
⠐⠐⠐⠐⠐⠐i⠐⠐⠐⠐⠐⠐/*
⠐⠐⠐⠐⠐⠐test⠐⠐⠐⠐⠐⠐
*/⠐⠐⠐⠐⠐⠐i⠐⠐⠐⠐⠐⠐
~~~~~~~~~~~~~~~~~~~~~~~~~~~~~~~~~~~~~~~~~~~~~~~~~~~~~~~~~~~~


⠐⠐⠐⠐⠐⠐//⠐###[IF]test=1;rm=comment;⠐⠐⠐⠐⠐⠐
⠐⠐⠐⠐⠐⠐i⠐⠐⠐⠐⠐⠐



i⠐⠐⠐⠐⠐⠐
------------------------------------------------------------
⠐⠐⠐⠐⠐⠐i⠐⠐⠐⠐⠐⠐/*⠐⠐⠐⠐⠐⠐
⠐⠐⠐⠐⠐⠐test⠐⠐⠐⠐⠐⠐
test⠐⠐⠐⠐⠐⠐
⠐⠐⠐⠐⠐⠐test
⠐⠐⠐⠐⠐⠐*/⠐⠐⠐⠐⠐⠐i⠐⠐⠐⠐⠐⠐
------------------------------------------------------------
~~~~~~~~~~~~~~~~~~~~~~~~~~~~~~~~~~~~~~~~~~~~~~~~~~~~~~~~~~~~


⠐⠐⠐⠐⠐⠐//⠐###[IF]test=1;rm=comment;⠐⠐⠐⠐⠐⠐
⠐⠐⠐⠐⠐⠐i⠐⠐⠐⠐⠐⠐
i⠐⠐⠐⠐⠐⠐
------------------------------------------------------------
⠐⠐⠐⠐⠐⠐i⠐⠐⠐⠐⠐⠐/*⠐⠐⠐⠐⠐⠐test⠐⠐⠐⠐⠐⠐
⠐⠐⠐⠐⠐⠐*/⠐⠐⠐⠐⠐⠐i⠐⠐⠐⠐⠐⠐
~~~~~~~~~~~~~~~~~~~~~~~~~~~~~~~~~~~~~~~~~~~~~~~~~~~~~~~~~~~~


⠐⠐⠐⠐⠐⠐//⠐###[IF]test=1;rm=comment;⠐⠐⠐⠐⠐⠐
⠐⠐⠐⠐⠐⠐i⠐⠐⠐⠐⠐⠐
i⠐⠐⠐⠐⠐⠐
------------------------------------------------------------
⠐⠐⠐⠐⠐⠐i⠐⠐⠐⠐⠐⠐/*
⠐⠐⠐⠐⠐⠐test⠐⠐⠐⠐⠐⠐⠐⠐⠐⠐⠐⠐*/⠐⠐⠐⠐⠐⠐i⠐⠐⠐⠐⠐⠐
~~~~~~~~~~~~~~~~~~~~~~~~~~~~~~~~~~~~~~~~~~~~~~~~~~~~~~~~~~~~




================================================================================
keepPadStart, keepPadEnd
{"keepPadStart":true,"keepPadIn":false,"keepPadEnd":true}

⠐⠐⠐⠐⠐⠐//⠐###[IF]test=1;rm=comment;⠐⠐⠐⠐⠐⠐
⠐⠐⠐⠐⠐⠐⠐⠐⠐⠐⠐⠐
------------------------------------------------------------
⠐⠐⠐⠐⠐⠐/*⠐⠐⠐⠐⠐⠐test⠐⠐⠐⠐⠐⠐*/⠐⠐⠐⠐⠐⠐
~~~~~~~~~~~~~~~~~~~~~~~~~~~~~~~~~~~~~~~~~~~~~~~~~~~~~~~~~~~~


⠐⠐⠐⠐⠐⠐//⠐###[IF]test=1;rm=comment;⠐⠐⠐⠐⠐⠐
⠐⠐⠐⠐⠐⠐

⠐⠐⠐⠐⠐⠐
------------------------------------------------------------
⠐⠐⠐⠐⠐⠐/*
⠐⠐⠐⠐⠐⠐test⠐⠐⠐⠐⠐⠐
*/⠐⠐⠐⠐⠐⠐
~~~~~~~~~~~~~~~~~~~~~~~~~~~~~~~~~~~~~~~~~~~~~~~~~~~~~~~~~~~~


⠐⠐⠐⠐⠐⠐//⠐###[IF]test=1;rm=comment;⠐⠐⠐⠐⠐⠐
⠐⠐⠐⠐⠐⠐



⠐⠐⠐⠐⠐⠐
------------------------------------------------------------
⠐⠐⠐⠐⠐⠐/*⠐⠐⠐⠐⠐⠐
⠐⠐⠐⠐⠐⠐test⠐⠐⠐⠐⠐⠐
test⠐⠐⠐⠐⠐⠐
⠐⠐⠐⠐⠐⠐test
⠐⠐⠐⠐⠐⠐*/⠐⠐⠐⠐⠐⠐
~~~~~~~~~~~~~~~~~~~~~~~~~~~~~~~~~~~~~~~~~~~~~~~~~~~~~~~~~~~~


⠐⠐⠐⠐⠐⠐//⠐###[IF]test=1;rm=comment;⠐⠐⠐⠐⠐⠐
⠐⠐⠐⠐⠐⠐
⠐⠐⠐⠐⠐⠐
------------------------------------------------------------
⠐⠐⠐⠐⠐⠐/*⠐⠐⠐⠐⠐⠐test⠐⠐⠐⠐⠐⠐
⠐⠐⠐⠐⠐⠐*/⠐⠐⠐⠐⠐⠐
~~~~~~~~~~~~~~~~~~~~~~~~~~~~~~~~~~~~~~~~~~~~~~~~~~~~~~~~~~~~


⠐⠐⠐⠐⠐⠐//⠐###[IF]test=1;rm=comment;⠐⠐⠐⠐⠐⠐
⠐⠐⠐⠐⠐⠐
⠐⠐⠐⠐⠐⠐
------------------------------------------------------------
⠐⠐⠐⠐⠐⠐/*
⠐⠐⠐⠐⠐⠐test⠐⠐⠐⠐⠐⠐⠐⠐⠐⠐⠐⠐*/⠐⠐⠐⠐⠐⠐
~~~~~~~~~~~~~~~~~~~~~~~~~~~~~~~~~~~~~~~~~~~~~~~~~~~~~~~~~~~~


⠐⠐⠐⠐⠐⠐//⠐###[IF]test=1;rm=comment;⠐⠐⠐⠐⠐⠐
⠐⠐⠐⠐⠐⠐i⠐⠐⠐⠐⠐⠐⠐⠐⠐⠐⠐⠐i⠐⠐⠐⠐⠐⠐
------------------------------------------------------------
⠐⠐⠐⠐⠐⠐i⠐⠐⠐⠐⠐⠐/*⠐⠐⠐⠐⠐⠐test⠐⠐⠐⠐⠐⠐*/⠐⠐⠐⠐⠐⠐i⠐⠐⠐⠐⠐⠐
~~~~~~~~~~~~~~~~~~~~~~~~~~~~~~~~~~~~~~~~~~~~~~~~~~~~~~~~~~~~


⠐⠐⠐⠐⠐⠐//⠐###[IF]test=1;rm=comment;⠐⠐⠐⠐⠐⠐
⠐⠐⠐⠐⠐⠐i⠐⠐⠐⠐⠐⠐

⠐⠐⠐⠐⠐⠐i⠐⠐⠐⠐⠐⠐
------------------------------------------------------------
⠐⠐⠐⠐⠐⠐i⠐⠐⠐⠐⠐⠐/*
⠐⠐⠐⠐⠐⠐test⠐⠐⠐⠐⠐⠐
*/⠐⠐⠐⠐⠐⠐i⠐⠐⠐⠐⠐⠐
~~~~~~~~~~~~~~~~~~~~~~~~~~~~~~~~~~~~~~~~~~~~~~~~~~~~~~~~~~~~


⠐⠐⠐⠐⠐⠐//⠐###[IF]test=1;rm=comment;⠐⠐⠐⠐⠐⠐
⠐⠐⠐⠐⠐⠐i⠐⠐⠐⠐⠐⠐



⠐⠐⠐⠐⠐⠐i⠐⠐⠐⠐⠐⠐
------------------------------------------------------------
⠐⠐⠐⠐⠐⠐i⠐⠐⠐⠐⠐⠐/*⠐⠐⠐⠐⠐⠐
⠐⠐⠐⠐⠐⠐test⠐⠐⠐⠐⠐⠐
test⠐⠐⠐⠐⠐⠐
⠐⠐⠐⠐⠐⠐test
⠐⠐⠐⠐⠐⠐*/⠐⠐⠐⠐⠐⠐i⠐⠐⠐⠐⠐⠐
------------------------------------------------------------
~~~~~~~~~~~~~~~~~~~~~~~~~~~~~~~~~~~~~~~~~~~~~~~~~~~~~~~~~~~~


⠐⠐⠐⠐⠐⠐//⠐###[IF]test=1;rm=comment;⠐⠐⠐⠐⠐⠐
⠐⠐⠐⠐⠐⠐i⠐⠐⠐⠐⠐⠐
⠐⠐⠐⠐⠐⠐i⠐⠐⠐⠐⠐⠐
------------------------------------------------------------
⠐⠐⠐⠐⠐⠐i⠐⠐⠐⠐⠐⠐/*⠐⠐⠐⠐⠐⠐test⠐⠐⠐⠐⠐⠐
⠐⠐⠐⠐⠐⠐*/⠐⠐⠐⠐⠐⠐i⠐⠐⠐⠐⠐⠐
~~~~~~~~~~~~~~~~~~~~~~~~~~~~~~~~~~~~~~~~~~~~~~~~~~~~~~~~~~~~


⠐⠐⠐⠐⠐⠐//⠐###[IF]test=1;rm=comment;⠐⠐⠐⠐⠐⠐
⠐⠐⠐⠐⠐⠐i⠐⠐⠐⠐⠐⠐
⠐⠐⠐⠐⠐⠐i⠐⠐⠐⠐⠐⠐
------------------------------------------------------------
⠐⠐⠐⠐⠐⠐i⠐⠐⠐⠐⠐⠐/*
⠐⠐⠐⠐⠐⠐test⠐⠐⠐⠐⠐⠐⠐⠐⠐⠐⠐⠐*/⠐⠐⠐⠐⠐⠐i⠐⠐⠐⠐⠐⠐
~~~~~~~~~~~~~~~~~~~~~~~~~~~~~~~~~~~~~~~~~~~~~~~~~~~~~~~~~~~~




================================================================================
keepPadStart, keepPadIn
{"keepPadStart":true,"keepPadIn":true,"keepPadEnd":false}

⠐⠐⠐⠐⠐⠐//⠐###[IF]test=1;rm=comment;⠐⠐⠐⠐⠐⠐
⠐⠐⠐⠐⠐⠐⠐⠐⠐⠐⠐⠐⠐⠐⠐⠐⠐⠐
------------------------------------------------------------
⠐⠐⠐⠐⠐⠐/*⠐⠐⠐⠐⠐⠐test⠐⠐⠐⠐⠐⠐*/⠐⠐⠐⠐⠐⠐
~~~~~~~~~~~~~~~~~~~~~~~~~~~~~~~~~~~~~~~~~~~~~~~~~~~~~~~~~~~~


⠐⠐⠐⠐⠐⠐//⠐###[IF]test=1;rm=comment;⠐⠐⠐⠐⠐⠐
⠐⠐⠐⠐⠐⠐


------------------------------------------------------------
⠐⠐⠐⠐⠐⠐/*
⠐⠐⠐⠐⠐⠐test⠐⠐⠐⠐⠐⠐
*/⠐⠐⠐⠐⠐⠐
~~~~~~~~~~~~~~~~~~~~~~~~~~~~~~~~~~~~~~~~~~~~~~~~~~~~~~~~~~~~


⠐⠐⠐⠐⠐⠐//⠐###[IF]test=1;rm=comment;⠐⠐⠐⠐⠐⠐
⠐⠐⠐⠐⠐⠐⠐⠐⠐⠐⠐⠐



⠐⠐⠐⠐⠐⠐
------------------------------------------------------------
⠐⠐⠐⠐⠐⠐/*⠐⠐⠐⠐⠐⠐
⠐⠐⠐⠐⠐⠐test⠐⠐⠐⠐⠐⠐
test⠐⠐⠐⠐⠐⠐
⠐⠐⠐⠐⠐⠐test
⠐⠐⠐⠐⠐⠐*/⠐⠐⠐⠐⠐⠐
~~~~~~~~~~~~~~~~~~~~~~~~~~~~~~~~~~~~~~~~~~~~~~~~~~~~~~~~~~~~


⠐⠐⠐⠐⠐⠐//⠐###[IF]test=1;rm=comment;⠐⠐⠐⠐⠐⠐
⠐⠐⠐⠐⠐⠐⠐⠐⠐⠐⠐⠐
⠐⠐⠐⠐⠐⠐
------------------------------------------------------------
⠐⠐⠐⠐⠐⠐/*⠐⠐⠐⠐⠐⠐test⠐⠐⠐⠐⠐⠐
⠐⠐⠐⠐⠐⠐*/⠐⠐⠐⠐⠐⠐
~~~~~~~~~~~~~~~~~~~~~~~~~~~~~~~~~~~~~~~~~~~~~~~~~~~~~~~~~~~~


⠐⠐⠐⠐⠐⠐//⠐###[IF]test=1;rm=comment;⠐⠐⠐⠐⠐⠐
⠐⠐⠐⠐⠐⠐
⠐⠐⠐⠐⠐⠐⠐⠐⠐⠐⠐⠐
------------------------------------------------------------
⠐⠐⠐⠐⠐⠐/*
⠐⠐⠐⠐⠐⠐test⠐⠐⠐⠐⠐⠐⠐⠐⠐⠐⠐⠐*/⠐⠐⠐⠐⠐⠐
~~~~~~~~~~~~~~~~~~~~~~~~~~~~~~~~~~~~~~~~~~~~~~~~~~~~~~~~~~~~


⠐⠐⠐⠐⠐⠐//⠐###[IF]test=1;rm=comment;⠐⠐⠐⠐⠐⠐
⠐⠐⠐⠐⠐⠐i⠐⠐⠐⠐⠐⠐⠐⠐⠐⠐⠐⠐⠐⠐⠐⠐⠐⠐i⠐⠐⠐⠐⠐⠐
------------------------------------------------------------
⠐⠐⠐⠐⠐⠐i⠐⠐⠐⠐⠐⠐/*⠐⠐⠐⠐⠐⠐test⠐⠐⠐⠐⠐⠐*/⠐⠐⠐⠐⠐⠐i⠐⠐⠐⠐⠐⠐
~~~~~~~~~~~~~~~~~~~~~~~~~~~~~~~~~~~~~~~~~~~~~~~~~~~~~~~~~~~~


⠐⠐⠐⠐⠐⠐//⠐###[IF]test=1;rm=comment;⠐⠐⠐⠐⠐⠐
⠐⠐⠐⠐⠐⠐i⠐⠐⠐⠐⠐⠐

i⠐⠐⠐⠐⠐⠐
------------------------------------------------------------
⠐⠐⠐⠐⠐⠐i⠐⠐⠐⠐⠐⠐/*
⠐⠐⠐⠐⠐⠐test⠐⠐⠐⠐⠐⠐
*/⠐⠐⠐⠐⠐⠐i⠐⠐⠐⠐⠐⠐
~~~~~~~~~~~~~~~~~~~~~~~~~~~~~~~~~~~~~~~~~~~~~~~~~~~~~~~~~~~~


⠐⠐⠐⠐⠐⠐//⠐###[IF]test=1;rm=comment;⠐⠐⠐⠐⠐⠐
⠐⠐⠐⠐⠐⠐i⠐⠐⠐⠐⠐⠐⠐⠐⠐⠐⠐⠐



⠐⠐⠐⠐⠐⠐i⠐⠐⠐⠐⠐⠐
------------------------------------------------------------
⠐⠐⠐⠐⠐⠐i⠐⠐⠐⠐⠐⠐/*⠐⠐⠐⠐⠐⠐
⠐⠐⠐⠐⠐⠐test⠐⠐⠐⠐⠐⠐
test⠐⠐⠐⠐⠐⠐
⠐⠐⠐⠐⠐⠐test
⠐⠐⠐⠐⠐⠐*/⠐⠐⠐⠐⠐⠐i⠐⠐⠐⠐⠐⠐
------------------------------------------------------------
~~~~~~~~~~~~~~~~~~~~~~~~~~~~~~~~~~~~~~~~~~~~~~~~~~~~~~~~~~~~


⠐⠐⠐⠐⠐⠐//⠐###[IF]test=1;rm=comment;⠐⠐⠐⠐⠐⠐
⠐⠐⠐⠐⠐⠐i⠐⠐⠐⠐⠐⠐⠐⠐⠐⠐⠐⠐
⠐⠐⠐⠐⠐⠐i⠐⠐⠐⠐⠐⠐
------------------------------------------------------------
⠐⠐⠐⠐⠐⠐i⠐⠐⠐⠐⠐⠐/*⠐⠐⠐⠐⠐⠐test⠐⠐⠐⠐⠐⠐
⠐⠐⠐⠐⠐⠐*/⠐⠐⠐⠐⠐⠐i⠐⠐⠐⠐⠐⠐
~~~~~~~~~~~~~~~~~~~~~~~~~~~~~~~~~~~~~~~~~~~~~~~~~~~~~~~~~~~~


⠐⠐⠐⠐⠐⠐//⠐###[IF]test=1;rm=comment;⠐⠐⠐⠐⠐⠐
⠐⠐⠐⠐⠐⠐i⠐⠐⠐⠐⠐⠐
⠐⠐⠐⠐⠐⠐⠐⠐⠐⠐⠐⠐i⠐⠐⠐⠐⠐⠐
------------------------------------------------------------
⠐⠐⠐⠐⠐⠐i⠐⠐⠐⠐⠐⠐/*
⠐⠐⠐⠐⠐⠐test⠐⠐⠐⠐⠐⠐⠐⠐⠐⠐⠐⠐*/⠐⠐⠐⠐⠐⠐i⠐⠐⠐⠐⠐⠐
~~~~~~~~~~~~~~~~~~~~~~~~~~~~~~~~~~~~~~~~~~~~~~~~~~~~~~~~~~~~




================================================================================
keepPadStart, keepPadIn, keepPadEnd
{"keepPadStart":true,"keepPadIn":true,"keepPadEnd":true}

⠐⠐⠐⠐⠐⠐//⠐###[IF]test=1;rm=comment;⠐⠐⠐⠐⠐⠐
⠐⠐⠐⠐⠐⠐⠐⠐⠐⠐⠐⠐⠐⠐⠐⠐⠐⠐⠐⠐⠐⠐⠐⠐
------------------------------------------------------------
⠐⠐⠐⠐⠐⠐/*⠐⠐⠐⠐⠐⠐test⠐⠐⠐⠐⠐⠐*/⠐⠐⠐⠐⠐⠐
~~~~~~~~~~~~~~~~~~~~~~~~~~~~~~~~~~~~~~~~~~~~~~~~~~~~~~~~~~~~


⠐⠐⠐⠐⠐⠐//⠐###[IF]test=1;rm=comment;⠐⠐⠐⠐⠐⠐
⠐⠐⠐⠐⠐⠐

⠐⠐⠐⠐⠐⠐
------------------------------------------------------------
⠐⠐⠐⠐⠐⠐/*
⠐⠐⠐⠐⠐⠐test⠐⠐⠐⠐⠐⠐
*/⠐⠐⠐⠐⠐⠐
~~~~~~~~~~~~~~~~~~~~~~~~~~~~~~~~~~~~~~~~~~~~~~~~~~~~~~~~~~~~


⠐⠐⠐⠐⠐⠐//⠐###[IF]test=1;rm=comment;⠐⠐⠐⠐⠐⠐
⠐⠐⠐⠐⠐⠐⠐⠐⠐⠐⠐⠐



⠐⠐⠐⠐⠐⠐⠐⠐⠐⠐⠐⠐
------------------------------------------------------------
⠐⠐⠐⠐⠐⠐/*⠐⠐⠐⠐⠐⠐
⠐⠐⠐⠐⠐⠐test⠐⠐⠐⠐⠐⠐
test⠐⠐⠐⠐⠐⠐
⠐⠐⠐⠐⠐⠐test
⠐⠐⠐⠐⠐⠐*/⠐⠐⠐⠐⠐⠐
~~~~~~~~~~~~~~~~~~~~~~~~~~~~~~~~~~~~~~~~~~~~~~~~~~~~~~~~~~~~


⠐⠐⠐⠐⠐⠐//⠐###[IF]test=1;rm=comment;⠐⠐⠐⠐⠐⠐
⠐⠐⠐⠐⠐⠐⠐⠐⠐⠐⠐⠐
⠐⠐⠐⠐⠐⠐⠐⠐⠐⠐⠐⠐
------------------------------------------------------------
⠐⠐⠐⠐⠐⠐/*⠐⠐⠐⠐⠐⠐test⠐⠐⠐⠐⠐⠐
⠐⠐⠐⠐⠐⠐*/⠐⠐⠐⠐⠐⠐
~~~~~~~~~~~~~~~~~~~~~~~~~~~~~~~~~~~~~~~~~~~~~~~~~~~~~~~~~~~~


⠐⠐⠐⠐⠐⠐//⠐###[IF]test=1;rm=comment;⠐⠐⠐⠐⠐⠐
⠐⠐⠐⠐⠐⠐
⠐⠐⠐⠐⠐⠐⠐⠐⠐⠐⠐⠐⠐⠐⠐⠐⠐⠐
------------------------------------------------------------
⠐⠐⠐⠐⠐⠐/*
⠐⠐⠐⠐⠐⠐test⠐⠐⠐⠐⠐⠐⠐⠐⠐⠐⠐⠐*/⠐⠐⠐⠐⠐⠐
~~~~~~~~~~~~~~~~~~~~~~~~~~~~~~~~~~~~~~~~~~~~~~~~~~~~~~~~~~~~


⠐⠐⠐⠐⠐⠐//⠐###[IF]test=1;rm=comment;⠐⠐⠐⠐⠐⠐
⠐⠐⠐⠐⠐⠐i⠐⠐⠐⠐⠐⠐⠐⠐⠐⠐⠐⠐⠐⠐⠐⠐⠐⠐⠐⠐⠐⠐⠐⠐i⠐⠐⠐⠐⠐⠐
------------------------------------------------------------
⠐⠐⠐⠐⠐⠐i⠐⠐⠐⠐⠐⠐/*⠐⠐⠐⠐⠐⠐test⠐⠐⠐⠐⠐⠐*/⠐⠐⠐⠐⠐⠐i⠐⠐⠐⠐⠐⠐
~~~~~~~~~~~~~~~~~~~~~~~~~~~~~~~~~~~~~~~~~~~~~~~~~~~~~~~~~~~~


⠐⠐⠐⠐⠐⠐//⠐###[IF]test=1;rm=comment;⠐⠐⠐⠐⠐⠐
⠐⠐⠐⠐⠐⠐i⠐⠐⠐⠐⠐⠐

⠐⠐⠐⠐⠐⠐i⠐⠐⠐⠐⠐⠐
------------------------------------------------------------
⠐⠐⠐⠐⠐⠐i⠐⠐⠐⠐⠐⠐/*
⠐⠐⠐⠐⠐⠐test⠐⠐⠐⠐⠐⠐
*/⠐⠐⠐⠐⠐⠐i⠐⠐⠐⠐⠐⠐
~~~~~~~~~~~~~~~~~~~~~~~~~~~~~~~~~~~~~~~~~~~~~~~~~~~~~~~~~~~~


⠐⠐⠐⠐⠐⠐//⠐###[IF]test=1;rm=comment;⠐⠐⠐⠐⠐⠐
⠐⠐⠐⠐⠐⠐i⠐⠐⠐⠐⠐⠐⠐⠐⠐⠐⠐⠐



⠐⠐⠐⠐⠐⠐⠐⠐⠐⠐⠐⠐i⠐⠐⠐⠐⠐⠐
------------------------------------------------------------
⠐⠐⠐⠐⠐⠐i⠐⠐⠐⠐⠐⠐/*⠐⠐⠐⠐⠐⠐
⠐⠐⠐⠐⠐⠐test⠐⠐⠐⠐⠐⠐
test⠐⠐⠐⠐⠐⠐
⠐⠐⠐⠐⠐⠐test
⠐⠐⠐⠐⠐⠐*/⠐⠐⠐⠐⠐⠐i⠐⠐⠐⠐⠐⠐
------------------------------------------------------------
~~~~~~~~~~~~~~~~~~~~~~~~~~~~~~~~~~~~~~~~~~~~~~~~~~~~~~~~~~~~


⠐⠐⠐⠐⠐⠐//⠐###[IF]test=1;rm=comment;⠐⠐⠐⠐⠐⠐
⠐⠐⠐⠐⠐⠐i⠐⠐⠐⠐⠐⠐⠐⠐⠐⠐⠐⠐
⠐⠐⠐⠐⠐⠐⠐⠐⠐⠐⠐⠐i⠐⠐⠐⠐⠐⠐
------------------------------------------------------------
⠐⠐⠐⠐⠐⠐i⠐⠐⠐⠐⠐⠐/*⠐⠐⠐⠐⠐⠐test⠐⠐⠐⠐⠐⠐
⠐⠐⠐⠐⠐⠐*/⠐⠐⠐⠐⠐⠐i⠐⠐⠐⠐⠐⠐
~~~~~~~~~~~~~~~~~~~~~~~~~~~~~~~~~~~~~~~~~~~~~~~~~~~~~~~~~~~~


⠐⠐⠐⠐⠐⠐//⠐###[IF]test=1;rm=comment;⠐⠐⠐⠐⠐⠐
⠐⠐⠐⠐⠐⠐i⠐⠐⠐⠐⠐⠐
⠐⠐⠐⠐⠐⠐⠐⠐⠐⠐⠐⠐⠐⠐⠐⠐⠐⠐i⠐⠐⠐⠐⠐⠐
------------------------------------------------------------
⠐⠐⠐⠐⠐⠐i⠐⠐⠐⠐⠐⠐/*
⠐⠐⠐⠐⠐⠐test⠐⠐⠐⠐⠐⠐⠐⠐⠐⠐⠐⠐*/⠐⠐⠐⠐⠐⠐i⠐⠐⠐⠐⠐⠐
~~~~~~~~~~~~~~~~~~~~~~~~~~~~~~~~~~~~~~~~~~~~~~~~~~~~~~~~~~~~



